// Jest Snapshot v1, https://goo.gl/fbAQLP

exports[`App Component  renders without crashing 1`] = `
<DocumentFragment>
  <div
    class="MuiBox-root css-0"
  >
    <div
      class="MuiBox-root css-0"
    >
      <header
        class="MuiPaper-root MuiPaper-elevation MuiPaper-elevation4 MuiAppBar-root MuiAppBar-colorPrimary MuiAppBar-positionFixed mui-fixed css-zanzjh-MuiPaper-root-MuiAppBar-root"
        style="--Paper-shadow: 0px 2px 4px -1px rgba(0,0,0,0.2),0px 4px 5px 0px rgba(0,0,0,0.14),0px 1px 10px 0px rgba(0,0,0,0.12);"
      >
        <div
          class="MuiToolbar-root MuiToolbar-gutters MuiToolbar-dense css-s3ewxw-MuiToolbar-root"
        >
          <h6
            class="MuiTypography-root MuiTypography-h6 css-1fggkh9-MuiTypography-root"
          >
            Bookstore
          </h6>
        </div>
      </header>
    </div>
    <div
      class="MuiBox-root css-1afphko"
    >
      <div
        class="MuiBox-root css-3vcquk"
      >
        <div
          class="MuiBox-root css-dxnvgl"
        >
          <div
            class="MuiBox-root css-mro3c9"
          >
            <h6
              class="MuiTypography-root MuiTypography-h6 css-u9aqe1-MuiTypography-root"
            >
              Filters
            </h6>
            <span
              class="MuiTypography-root MuiTypography-caption css-1374baf-MuiTypography-root"
            >
              Narrow down your bookstore search
            </span>
          </div>
          <div
            class="MuiPaper-root MuiPaper-outlined MuiPaper-rounded MuiCard-root css-tfbmdk-MuiPaper-root-MuiCard-root"
          >
            <div
              class="MuiCardContent-root css-j4isg9-MuiCardContent-root"
            >
              <h6
                class="MuiTypography-root MuiTypography-subtitle2 css-1v2ylzz-MuiTypography-root"
              >
                Keywords
              </h6>
              <div
                class="MuiFormControl-root MuiFormControl-fullWidth MuiTextField-root css-1dw3j40-MuiFormControl-root-MuiTextField-root"
                data-testid="book-title-input"
              >
                <label
                  class="MuiFormLabel-root MuiInputLabel-root MuiInputLabel-formControl MuiInputLabel-animated MuiInputLabel-sizeSmall MuiInputLabel-outlined MuiFormLabel-colorPrimary MuiInputLabel-root MuiInputLabel-formControl MuiInputLabel-animated MuiInputLabel-sizeSmall MuiInputLabel-outlined css-1kfabtt-MuiFormLabel-root-MuiInputLabel-root"
                  data-shrink="false"
                  for="input-search"
                  id="input-search-label"
                >
                  Search book title
                </label>
                <div
                  class="MuiInputBase-root MuiOutlinedInput-root MuiInputBase-colorPrimary MuiInputBase-fullWidth MuiInputBase-formControl MuiInputBase-sizeSmall css-1blp12k-MuiInputBase-root-MuiOutlinedInput-root"
                >
                  <input
                    aria-invalid="false"
                    class="MuiInputBase-input MuiOutlinedInput-input MuiInputBase-inputSizeSmall css-1pzfmz2-MuiInputBase-input-MuiOutlinedInput-input"
                    id="input-search"
                    placeholder="Search book title"
                    type="text"
                    value=""
                  />
                  <fieldset
                    aria-hidden="true"
                    class="MuiOutlinedInput-notchedOutline css-18p5xg2-MuiNotchedOutlined-root-MuiOutlinedInput-notchedOutline"
                  >
                    <legend
                      class="css-1n64csd-MuiNotchedOutlined-root"
                    >
                      <span>
                        Search book title
                      </span>
                    </legend>
                  </fieldset>
                </div>
              </div>
              <button
                class="MuiButtonBase-root MuiButton-root MuiButton-contained MuiButton-containedPrimary MuiButton-sizeMedium MuiButton-containedSizeMedium MuiButton-colorPrimary MuiButton-disableElevation MuiButton-fullWidth MuiButton-root MuiButton-contained MuiButton-containedPrimary MuiButton-sizeMedium MuiButton-containedSizeMedium MuiButton-colorPrimary MuiButton-disableElevation MuiButton-fullWidth css-178wotz-MuiButtonBase-root-MuiButton-root"
                data-testid="book-search-button"
                id="button-search"
                tabindex="0"
                type="button"
              >
                Search Book
              </button>
              <hr
                class="MuiDivider-root MuiDivider-fullWidth css-1nih0dr-MuiDivider-root"
              />
              <h6
                class="MuiTypography-root MuiTypography-subtitle2 css-1v2ylzz-MuiTypography-root"
              >
                Categories
              </h6>
              <div
                class="MuiFormGroup-root css-1mac7pt-MuiFormGroup-root"
              >
                <label
                  class="MuiFormControlLabel-root MuiFormControlLabel-labelPlacementEnd css-19opgx6-MuiFormControlLabel-root"
                >
                  <span
                    class="MuiButtonBase-root MuiCheckbox-root MuiCheckbox-colorPrimary MuiCheckbox-sizeSmall PrivateSwitchBase-root MuiCheckbox-root MuiCheckbox-colorPrimary MuiCheckbox-sizeSmall Mui-checked MuiCheckbox-root MuiCheckbox-colorPrimary MuiCheckbox-sizeSmall css-vuhw6e-MuiButtonBase-root-MuiSwitchBase-root-MuiCheckbox-root"
                  >
                    <input
                      checked=""
                      class="PrivateSwitchBase-input css-12xagqm-MuiSwitchBase-root"
                      data-indeterminate="false"
                      type="checkbox"
                    />
                    <svg
                      aria-hidden="true"
                      class="MuiSvgIcon-root MuiSvgIcon-fontSizeSmall css-120dh41-MuiSvgIcon-root"
                      data-testid="CheckBoxIcon"
                      focusable="false"
                      viewBox="0 0 24 24"
                    >
                      <path
                        d="M19 3H5c-1.11 0-2 .9-2 2v14c0 1.1.89 2 2 2h14c1.11 0 2-.9 2-2V5c0-1.1-.89-2-2-2zm-9 14l-5-5 1.41-1.41L10 14.17l7.59-7.59L19 8l-9 9z"
                      />
                    </svg>
                  </span>
                  <span
                    class="MuiTypography-root MuiTypography-body1 MuiFormControlLabel-label css-rizt0-MuiTypography-root"
                  >
                    Fiction
                  </span>
                </label>
                <label
                  class="MuiFormControlLabel-root MuiFormControlLabel-labelPlacementEnd css-19opgx6-MuiFormControlLabel-root"
                >
                  <span
                    class="MuiButtonBase-root MuiCheckbox-root MuiCheckbox-colorPrimary MuiCheckbox-sizeSmall PrivateSwitchBase-root MuiCheckbox-root MuiCheckbox-colorPrimary MuiCheckbox-sizeSmall MuiCheckbox-root MuiCheckbox-colorPrimary MuiCheckbox-sizeSmall css-vuhw6e-MuiButtonBase-root-MuiSwitchBase-root-MuiCheckbox-root"
                  >
                    <input
                      class="PrivateSwitchBase-input css-12xagqm-MuiSwitchBase-root"
                      data-indeterminate="false"
                      type="checkbox"
                    />
                    <svg
                      aria-hidden="true"
                      class="MuiSvgIcon-root MuiSvgIcon-fontSizeSmall css-120dh41-MuiSvgIcon-root"
                      data-testid="CheckBoxOutlineBlankIcon"
                      focusable="false"
                      viewBox="0 0 24 24"
                    >
                      <path
                        d="M19 5v14H5V5h14m0-2H5c-1.1 0-2 .9-2 2v14c0 1.1.9 2 2 2h14c1.1 0 2-.9 2-2V5c0-1.1-.9-2-2-2z"
                      />
                    </svg>
                  </span>
                  <span
                    class="MuiTypography-root MuiTypography-body1 MuiFormControlLabel-label css-rizt0-MuiTypography-root"
                  >
                    Sci-Fi & Fantasy
                  </span>
                </label>
                <label
                  class="MuiFormControlLabel-root MuiFormControlLabel-labelPlacementEnd css-19opgx6-MuiFormControlLabel-root"
                >
                  <span
                    class="MuiButtonBase-root MuiCheckbox-root MuiCheckbox-colorPrimary MuiCheckbox-sizeSmall PrivateSwitchBase-root MuiCheckbox-root MuiCheckbox-colorPrimary MuiCheckbox-sizeSmall MuiCheckbox-root MuiCheckbox-colorPrimary MuiCheckbox-sizeSmall css-vuhw6e-MuiButtonBase-root-MuiSwitchBase-root-MuiCheckbox-root"
                  >
                    <input
                      class="PrivateSwitchBase-input css-12xagqm-MuiSwitchBase-root"
                      data-indeterminate="false"
                      type="checkbox"
                    />
                    <svg
                      aria-hidden="true"
                      class="MuiSvgIcon-root MuiSvgIcon-fontSizeSmall css-120dh41-MuiSvgIcon-root"
                      data-testid="CheckBoxOutlineBlankIcon"
                      focusable="false"
                      viewBox="0 0 24 24"
                    >
                      <path
                        d="M19 5v14H5V5h14m0-2H5c-1.1 0-2 .9-2 2v14c0 1.1.9 2 2 2h14c1.1 0 2-.9 2-2V5c0-1.1-.9-2-2-2z"
                      />
                    </svg>
                  </span>
                  <span
                    class="MuiTypography-root MuiTypography-body1 MuiFormControlLabel-label css-rizt0-MuiTypography-root"
                  >
                    Biography
                  </span>
                </label>
                <label
                  class="MuiFormControlLabel-root MuiFormControlLabel-labelPlacementEnd css-19opgx6-MuiFormControlLabel-root"
                >
                  <span
                    class="MuiButtonBase-root MuiCheckbox-root MuiCheckbox-colorPrimary MuiCheckbox-sizeSmall PrivateSwitchBase-root MuiCheckbox-root MuiCheckbox-colorPrimary MuiCheckbox-sizeSmall MuiCheckbox-root MuiCheckbox-colorPrimary MuiCheckbox-sizeSmall css-vuhw6e-MuiButtonBase-root-MuiSwitchBase-root-MuiCheckbox-root"
                  >
                    <input
                      class="PrivateSwitchBase-input css-12xagqm-MuiSwitchBase-root"
                      data-indeterminate="false"
                      type="checkbox"
                    />
                    <svg
                      aria-hidden="true"
                      class="MuiSvgIcon-root MuiSvgIcon-fontSizeSmall css-120dh41-MuiSvgIcon-root"
                      data-testid="CheckBoxOutlineBlankIcon"
                      focusable="false"
                      viewBox="0 0 24 24"
                    >
                      <path
                        d="M19 5v14H5V5h14m0-2H5c-1.1 0-2 .9-2 2v14c0 1.1.9 2 2 2h14c1.1 0 2-.9 2-2V5c0-1.1-.9-2-2-2z"
                      />
                    </svg>
                  </span>
                  <span
                    class="MuiTypography-root MuiTypography-body1 MuiFormControlLabel-label css-rizt0-MuiTypography-root"
                  >
                    Technology
                  </span>
                </label>
              </div>
            </div>
          </div>
        </div>
        <div
          class="MuiBox-root css-0"
        >
          <div
            class="MuiStack-root css-426goz-MuiStack-root-listContainer"
            data-testid="book-loader"
          >
            <div
              class="MuiPaper-root MuiPaper-elevation MuiPaper-rounded MuiPaper-elevation1 css-zqxsyv-MuiPaper-root-bookRowCard"
              style="--Paper-shadow: 0px 2px 1px -1px rgba(0,0,0,0.2),0px 1px 1px 0px rgba(0,0,0,0.14),0px 1px 3px 0px rgba(0,0,0,0.12);"
            >
              <div
                class="MuiBox-root css-1o3r2vy-imageContainer"
              >
                <span
                  class="MuiSkeleton-root MuiSkeleton-rectangular MuiSkeleton-wave css-1sntz1n-MuiSkeleton-root"
                  style="width: 100%; height: 100%;"
                />
              </div>
              <div
                class="MuiBox-root css-17waa4p-textBlock"
              >
                <span
                  class="MuiSkeleton-root MuiSkeleton-text MuiSkeleton-wave css-a15yta-MuiSkeleton-root"
                  style="width: 40%; height: 32px;"
                />
                <span
                  class="MuiSkeleton-root MuiSkeleton-text MuiSkeleton-wave css-bg2br5-MuiSkeleton-root"
                  style="width: 90%; height: 20px;"
                />
                <span
                  class="MuiSkeleton-root MuiSkeleton-text MuiSkeleton-wave css-1ogcruc-MuiSkeleton-root"
                  style="width: 75%; height: 20px;"
                />
                <span
                  class="MuiSkeleton-root MuiSkeleton-rounded MuiSkeleton-wave css-q7002v-MuiSkeleton-root"
                  style="width: 100px; height: 24px;"
                />
              </div>
            </div>
            <div
              class="MuiPaper-root MuiPaper-elevation MuiPaper-rounded MuiPaper-elevation1 css-zqxsyv-MuiPaper-root-bookRowCard"
              style="--Paper-shadow: 0px 2px 1px -1px rgba(0,0,0,0.2),0px 1px 1px 0px rgba(0,0,0,0.14),0px 1px 3px 0px rgba(0,0,0,0.12);"
            >
              <div
                class="MuiBox-root css-1o3r2vy-imageContainer"
              >
                <span
                  class="MuiSkeleton-root MuiSkeleton-rectangular MuiSkeleton-wave css-1sntz1n-MuiSkeleton-root"
                  style="width: 100%; height: 100%;"
                />
              </div>
              <div
                class="MuiBox-root css-17waa4p-textBlock"
              >
                <span
                  class="MuiSkeleton-root MuiSkeleton-text MuiSkeleton-wave css-a15yta-MuiSkeleton-root"
                  style="width: 40%; height: 32px;"
                />
                <span
                  class="MuiSkeleton-root MuiSkeleton-text MuiSkeleton-wave css-bg2br5-MuiSkeleton-root"
                  style="width: 90%; height: 20px;"
                />
                <span
                  class="MuiSkeleton-root MuiSkeleton-text MuiSkeleton-wave css-1ogcruc-MuiSkeleton-root"
                  style="width: 75%; height: 20px;"
                />
                <span
                  class="MuiSkeleton-root MuiSkeleton-rounded MuiSkeleton-wave css-q7002v-MuiSkeleton-root"
                  style="width: 100px; height: 24px;"
                />
              </div>
            </div>
            <div
              class="MuiPaper-root MuiPaper-elevation MuiPaper-rounded MuiPaper-elevation1 css-zqxsyv-MuiPaper-root-bookRowCard"
              style="--Paper-shadow: 0px 2px 1px -1px rgba(0,0,0,0.2),0px 1px 1px 0px rgba(0,0,0,0.14),0px 1px 3px 0px rgba(0,0,0,0.12);"
            >
              <div
                class="MuiBox-root css-1o3r2vy-imageContainer"
              >
                <span
                  class="MuiSkeleton-root MuiSkeleton-rectangular MuiSkeleton-wave css-1sntz1n-MuiSkeleton-root"
                  style="width: 100%; height: 100%;"
                />
              </div>
              <div
                class="MuiBox-root css-17waa4p-textBlock"
              >
                <span
                  class="MuiSkeleton-root MuiSkeleton-text MuiSkeleton-wave css-a15yta-MuiSkeleton-root"
                  style="width: 40%; height: 32px;"
                />
                <span
                  class="MuiSkeleton-root MuiSkeleton-text MuiSkeleton-wave css-bg2br5-MuiSkeleton-root"
                  style="width: 90%; height: 20px;"
                />
                <span
                  class="MuiSkeleton-root MuiSkeleton-text MuiSkeleton-wave css-1ogcruc-MuiSkeleton-root"
                  style="width: 75%; height: 20px;"
                />
                <span
                  class="MuiSkeleton-root MuiSkeleton-rounded MuiSkeleton-wave css-q7002v-MuiSkeleton-root"
                  style="width: 100px; height: 24px;"
                />
              </div>
            </div>
          </div>
        </div>
      </div>
    </div>
  </div>
</DocumentFragment>
`;
